// Jest Snapshot v1, https://goo.gl/fbAQLP

exports[`GifExpertApp Tests should Display GifExpertApp properly 1`] = `
<div>
  <h2>
    Gif Expert App
  </h2>
  <AddCategory
    setCategories={[Function]}
  />
  <hr />
  <ol />
</div>
`;
